// Jest Snapshot v1, https://goo.gl/fbAQLP

exports[`companiesSlice tests Should render a financial information 1`] = `undefined`;
