// Jest Snapshot v1, https://goo.gl/fbAQLP

exports[`Should render Home component 1`] = `undefined`;
